// Jest Snapshot v1, https://goo.gl/fbAQLP

exports[`Home page Home page 1`] = `
<DocumentFragment>
  <main
    class="relative grid w-full h-[93vh] place-items-center bg-blueGray-800"
  >
    <div
      class="w-full sm:w-[640px] px-4"
    >
      <div
        class="center"
      >
        <h1
          class="mb-2 text-2xl font-semibold text-center text-orange-700"
        >
          Find Meaning
        </h1>
        <span
          class="ml-1 text-xs text-blueGray-400"
        >
          beta
        </span>
      </div>
      <div />
      <div
        class="react-reveal"
      >
        <div>
          <div
            aria-expanded="false"
            aria-haspopup="listbox"
            aria-labelledby="downshift-0-label"
            class="relative flex flex-col w-full"
            role="combobox"
          >
            <form
              action="handlers.ts"
              class="relative flex items-center justify-between w-full focus-within:bg-blueGray-700 focus-within:opacity-90 border-lightBlue-400 focus-within:border-lightBlue-400 focus-within:border-b-2 border-b"
            >
              <label
                class="w-full"
                for="downshift-0-input"
                id="downshift-0-label"
              >
                <label
                  for="search-input"
                />
                <input
                  accesskey="j"
                  aria-autocomplete="list"
                  aria-label="search-input"
                  aria-labelledby="downshift-0-label"
                  autocomplete="off"
                  class="w-full h-12 py-1 text-lg disabled:text-trueGray-400 disabled:cursor-not-allowed focus:outline-none pl-3 bg-blueGray-800 text-blueGray-200"
                  cn="pl-3 bg-blueGray-800 text-blueGray-200"
                  id="downshift-0-input"
                  lang="en"
                  name="search-input"
                  placeholder="start looking up words..."
                  type="text"
                  value=""
                />
              </label>
              <div
                class="flex items-center text-trueGray-500 bg-blueGray-800"
              >
                <div
                  class="grid w-12 h-12 place-items-center"
                  data-testid="cc-container"
                >
                  <button
                    aria-label="submit"
                    class="icon-btn w-12 h-12 rounded-none text-blueGray-200"
                    disabled=""
                    role="button"
                    type="submit"
                  >
                    <svg
                      class="mx-auto"
                      fill="currentColor"
                      height="1em"
                      stroke="currentColor"
                      stroke-width="0"
                      viewBox="0 0 16 16"
                      width="1em"
                      xmlns="http://www.w3.org/2000/svg"
                    >
                      <path
                        clip-rule="evenodd"
                        d="M10.442 10.442a1 1 0 011.415 0l3.85 3.85a1 1 0 01-1.414 1.415l-3.85-3.85a1 1 0 010-1.415z"
                        fill-rule="evenodd"
                      />
                      <path
                        clip-rule="evenodd"
                        d="M6.5 12a5.5 5.5 0 100-11 5.5 5.5 0 000 11zM13 6.5a6.5 6.5 0 11-13 0 6.5 6.5 0 0113 0z"
                        fill-rule="evenodd"
                      />
                    </svg>
                  </button>
                   
                </div>
              </div>
            </form>
            <ul
              aria-labelledby="downshift-0-label"
              class="absolute z-30 w-full py-2 text-lg tracking-wide rounded-b-lg shadow-lg b bg-blueGray-800 top-12 text-lightBlue-300"
              hidden=""
              id="downshift-0-menu"
              role="listbox"
            />
          </div>
        </div>
      </div>
    </div>
  </main>
</DocumentFragment>
`;
